// Jest Snapshot v1, https://goo.gl/fbAQLP

exports[`DID Helper Creates a DID Document 1`] = `
Object {
  "@context": Array [
    "https://w3id.org/did/v1",
    "https://w3id.org/security/v2",
  ],
  "assertionMethod": Array [
    Any<String>,
  ],
  "id": Any<String>,
  "proof": Object {
    "controller": Any<String>,
    "created": Any<String>,
    "nonce": Any<String>,
    "signature": Any<String>,
    "type": "EcdsaSecp256k1Signature2019",
    "verificationMethod": Any<String>,
  },
  "publicKey": Array [
    Object {
      "id": Any<String>,
      "publicKeyBase58": Any<String>,
      "type": "EcdsaSecp256k1VerificationKey2019",
    },
  ],
  "verificationMethod": Array [
    Object {
      "controller": Anything,
      "id": Any<String>,
      "publicKeyBase58": Any<String>,
      "type": "EcdsaSecp256k1VerificationKey2019",
    },
  ],
}
`;
